// Jest Snapshot v1, https://goo.gl/fbAQLP

exports[`Spinner matches the snapshot 1`] = `
<div>
  <div
    class="text-info-800 h-4 w-4 inline-block h-8 w-8 animate-spin rounded-full border-4 border-solid border-current border-r-transparent align-[-0.125em] text-neutral-400 motion-reduce:animate-[spin_1.5s_linear_infinite]"
    role="status"
  >
    <span
      class="!absolute !-m-px !h-px !w-px !overflow-hidden !whitespace-nowrap !border-0 !p-0 ![clip:rect(0,0,0,0)]"
    >
      Loading...
    </span>
  </div>
</div>
`;
